<?php return array (
  0 => 'Symfony\\Bundle\\FrameworkBundle\\Controller\\AbstractController',
  1 => 'App\\Controller\\Admin\\AdminCrudController',
  2 => 'App\\Controller\\Admin\\DashboardController',
  3 => 'App\\Controller\\Admin\\GerantCrudController',
  4 => 'App\\Controller\\Admin\\HotelRoomsAdminsCrudController',
  5 => 'App\\Controller\\Admin\\HotelRoomsCrudController',
  6 => 'App\\Controller\\Admin\\HotelsCrudController',
  7 => 'App\\Controller\\Admin\\ImagesCrudController',
  8 => 'App\\Controller\\Admin\\ReservationRoomsCrudController',
  9 => 'App\\Controller\\Admin\\UserCrudController',
  10 => 'App\\Controller\\ClientAreaController',
  11 => 'App\\Controller\\ContactController',
  12 => 'App\\Controller\\HomeController',
  13 => 'App\\Controller\\HotelController',
  14 => 'App\\Controller\\HotelRoomsController',
  15 => 'App\\Controller\\RegistrationController',
  16 => 'App\\Controller\\ReservationController',
  17 => 'App\\Controller\\ResetPasswordController',
  18 => 'App\\Controller\\SecurityController',
  19 => 'App\\Controller\\UserInfoController',
  20 => 'App\\Entity\\Galerie',
  21 => 'App\\Entity\\HotelRooms',
  22 => 'App\\Entity\\Hotels',
  23 => 'App\\Entity\\Images',
  24 => 'App\\Entity\\ReservationRooms',
  25 => 'App\\Entity\\ResetPasswordRequest',
  26 => 'App\\Entity\\Users',
  27 => 'Doctrine\\Bundle\\DoctrineBundle\\Controller\\ProfilerController',
  28 => 'Doctrine\\ORM\\Cache\\Persister\\Entity\\AbstractEntityPersister',
  29 => 'Doctrine\\ORM\\Cache\\Persister\\Entity\\CachedEntityPersister',
  30 => 'Doctrine\\ORM\\Cache\\Persister\\Entity\\NonStrictReadWriteCachedEntityPersister',
  31 => 'Doctrine\\ORM\\Cache\\Persister\\Entity\\ReadOnlyCachedEntityPersister',
  32 => 'Doctrine\\ORM\\Cache\\Persister\\Entity\\ReadWriteCachedEntityPersister',
  33 => 'Doctrine\\ORM\\Persisters\\Entity\\AbstractEntityInheritancePersister',
  34 => 'Doctrine\\ORM\\Persisters\\Entity\\BasicEntityPersister',
  35 => 'Doctrine\\ORM\\Persisters\\Entity\\CachedPersisterContext',
  36 => 'Doctrine\\ORM\\Persisters\\Entity\\EntityPersister',
  37 => 'Doctrine\\ORM\\Persisters\\Entity\\JoinedSubclassPersister',
  38 => 'Doctrine\\ORM\\Persisters\\Entity\\SingleTablePersister',
  39 => 'EasyCorp\\Bundle\\EasyAdminBundle\\Contracts\\Controller\\CrudControllerInterface',
  40 => 'EasyCorp\\Bundle\\EasyAdminBundle\\Contracts\\Controller\\DashboardControllerInterface',
  41 => 'EasyCorp\\Bundle\\EasyAdminBundle\\Controller\\AbstractCrudController',
  42 => 'EasyCorp\\Bundle\\EasyAdminBundle\\Controller\\AbstractDashboardController',
  43 => 'Gedmo\\Loggable\\Entity\\LogEntry',
  44 => 'Gedmo\\Loggable\\Entity\\MappedSuperclass\\AbstractLogEntry',
  45 => 'Gedmo\\Loggable\\Entity\\Repository\\LogEntryRepository',
  46 => 'Gedmo\\Sortable\\Entity\\Repository\\SortableRepository',
  47 => 'Gedmo\\Translatable\\Entity\\MappedSuperclass\\AbstractPersonalTranslation',
  48 => 'Gedmo\\Translatable\\Entity\\MappedSuperclass\\AbstractTranslation',
  49 => 'Gedmo\\Translatable\\Entity\\Repository\\TranslationRepository',
  50 => 'Gedmo\\Translatable\\Entity\\Translation',
  51 => 'Gedmo\\Translator\\Entity\\Translation',
  52 => 'Gedmo\\Tree\\Entity\\MappedSuperclass\\AbstractClosure',
  53 => 'Gedmo\\Tree\\Entity\\Repository\\AbstractTreeRepository',
  54 => 'Gedmo\\Tree\\Entity\\Repository\\ClosureTreeRepository',
  55 => 'Gedmo\\Tree\\Entity\\Repository\\MaterializedPathRepository',
  56 => 'Gedmo\\Tree\\Entity\\Repository\\NestedTreeRepository',
  57 => 'SymfonyCasts\\Bundle\\ResetPassword\\Controller\\ResetPasswordControllerTrait',
  59 => 'Symfony\\Bundle\\FrameworkBundle\\Controller\\ControllerResolver',
  60 => 'Symfony\\Bundle\\FrameworkBundle\\Controller\\RedirectController',
  61 => 'Symfony\\Bundle\\FrameworkBundle\\Controller\\TemplateController',
  62 => 'Symfony\\Bundle\\WebProfilerBundle\\Controller\\ExceptionPanelController',
  63 => 'Symfony\\Bundle\\WebProfilerBundle\\Controller\\ProfilerController',
  64 => 'Symfony\\Bundle\\WebProfilerBundle\\Controller\\RouterController',
  65 => 'Symfony\\Component\\HttpKernel\\Controller\\ArgumentResolver',
  66 => 'Symfony\\Component\\HttpKernel\\Controller\\ArgumentResolverInterface',
  67 => 'Symfony\\Component\\HttpKernel\\Controller\\ArgumentResolver\\DefaultValueResolver',
  68 => 'Symfony\\Component\\HttpKernel\\Controller\\ArgumentResolver\\NotTaggedControllerValueResolver',
  69 => 'Symfony\\Component\\HttpKernel\\Controller\\ArgumentResolver\\RequestAttributeValueResolver',
  70 => 'Symfony\\Component\\HttpKernel\\Controller\\ArgumentResolver\\RequestValueResolver',
  71 => 'Symfony\\Component\\HttpKernel\\Controller\\ArgumentResolver\\ServiceValueResolver',
  72 => 'Symfony\\Component\\HttpKernel\\Controller\\ArgumentResolver\\SessionValueResolver',
  73 => 'Symfony\\Component\\HttpKernel\\Controller\\ArgumentResolver\\TraceableValueResolver',
  74 => 'Symfony\\Component\\HttpKernel\\Controller\\ArgumentResolver\\VariadicValueResolver',
  75 => 'Symfony\\Component\\HttpKernel\\Controller\\ArgumentValueResolverInterface',
  76 => 'Symfony\\Component\\HttpKernel\\Controller\\ContainerControllerResolver',
  77 => 'Symfony\\Component\\HttpKernel\\Controller\\ControllerReference',
  78 => 'Symfony\\Component\\HttpKernel\\Controller\\ControllerResolver',
  79 => 'Symfony\\Component\\HttpKernel\\Controller\\ControllerResolverInterface',
  80 => 'Symfony\\Component\\HttpKernel\\Controller\\ErrorController',
  81 => 'Symfony\\Component\\HttpKernel\\Controller\\TraceableArgumentResolver',
  82 => 'Symfony\\Component\\HttpKernel\\Controller\\TraceableControllerResolver',
  83 => 'Symfony\\Component\\Security\\Http\\Controller\\UserValueResolver',
  84 => 'Vich\\UploaderBundle\\Entity\\File',
);